{
  "mode": "allow",
  "matcher": "regex",
  "pattern": "^.*$"
}