plugin error (code: 0, four: true, one: 1, three: 3, two: two)