{
  "item": "BadRequestError (message=missing plugin type configuration): missing plugin type configuration",
  "status": {
    "code": 400,
    "message": "Bad Request"
  }
}