{
  "item": "BadRequestError (message=missing user ID for plugin configuration): missing user ID for plugin configuration",
  "status": {
    "code": 400,
    "message": "Bad Request"
  }
}