{
  "item": "BadRequestError (message=invalid route name simple_route): invalid route name simple_route",
  "status": {
    "code": 400,
    "message": "Bad Request"
  }
}