{
  "item": "Method not implemented",
  "status": {
    "code": 501,
    "message": "Not Implemented"
  }
}