{
  "items": [
    {
      "deliveryMode": "whoCares",
      "filterChain": [
        {
          "config": {
            "matcher": "regex",
            "mode": "allow",
            "pattern": "^.*$"
          },
          "name": "simpleFilterMatchAllowRouteMatcher",
          "plugin": "match"
        }
      ],
      "id": "f103",
      "inactive": false,
      "name": "simpleMatchAllowFilterRoute",
      "receiver": {
        "config": {
          "intervalMs": 10,
          "maxHistory": 100,
          "payload": {
            "foo": "bar"
          },
          "rounds": 5
        },
        "name": "simpleFilterMatchAllowRouteReceiver",
        "plugin": "debug"
      },
      "sender": {
        "config": {
          "destination": "stdout",
          "maxHistory": 100
        },
        "name": "simpleFilterMatchAllowRouteSender",
        "plugin": "debug"
      },
      "tenant": {
        "appId": "myapp",
        "orgId": "myorg"
      },
      "userId": "boris"
    }
  ],
  "status": {
    "code": 200,
    "message": "OK"
  }
}