{
  "item": "v1.0.2",
  "status": {
    "code": 200,
    "message": "OK"
  }
}