{
  "intervalMs": 100,
  "rounds": 4,
  "payload": "debug message",
  "maxHistory": 100
}