{
  "mode": "allow",
  "matcher": "regex",
  "pattern": "^[[:alnum:]]{4,12}"
}