{
  "pattern": "💣🐢ab~!@#$%^\u0026*)(_+-=}{;':\"\\|/?.,\u003c\u003ecd1234"
}