OptionError (message=message goes here): wrapped error