RegistrationError (message= name=plugin goes here plugin=): wrapped error