RegistrationError (message= name= plugin=name goes here): wrapped error