RegistrationError (message= name= plugin=): wrapped error