RegistrationError (message=message goes here name= plugin=)