RegistrationError (message=message goes here name= plugin=): wrapped error