RegistrationError (message=message goes here name=plugin goes here plugin=name goes here): wrapped error