name-values (first=true forth=[1 2 3 4] second=2 third=third)