{
  "Receiver": false,
  "Filterer": true,
  "Sender": false
}