{
  "Receiver": true,
  "Filterer": false,
  "Sender": false
}