{
  "Receiver": false,
  "Filterer": false,
  "Sender": true
}