{
  "Receiver": true,
  "Filterer": true,
  "Sender": true
}